2026-03-02 18:57:04 # insp_ctc --integer-enumeration --core=tc1.6.2 --iso=99 --fp-model=+float -DAPP_PLATFORM -DAPP_COMP_TASKING -I../../../src/ModuleA/include -I../../../src/ModuleB/include --insp-log=test.log --debug-info=default --align=4 --default-a0-size=0 --default-a1-size=0 --default-near-size=0 -O2 --tradeoff=2 --language=-gcc,+volatile,-strings,-comments -o obj\src\ModuleA\impl\module_a.src ../../../src/ModuleA/impl/module_a.c
	W998: ["../../../src/ModuleA/impl/module_a.c" 100/5] [INSP] detected potential occurrence of issue TCVX-45285.
	W998: ["../../../src/ModuleA/impl/module_a.c" 200/12] [INSP] detected potential occurrence of issue TCVX-45248.
2026-03-02 18:57:06 # insp_ctc --integer-enumeration --core=tc1.6.2 --iso=99 --fp-model=+float -DAPP_PLATFORM -DAPP_COMP_TASKING -I../../../src/ModuleA/include -I../../../src/ModuleB/include --insp-log=test.log --debug-info=default --align=4 --default-a0-size=0 --default-a1-size=0 --default-near-size=0 -O2 --tradeoff=2 --language=-gcc,+volatile,-strings,-comments -o obj\src\ModuleB\impl\module_b.src ../../../src/ModuleB/impl/module_b.c
	W981: ["../../../src/ModuleB/impl/module_b.c" 300/8] [INSP] detected potential occurrence of issue TCVX-45285. No change in assembly comparison detected. High confidence it is a false positive and therefore can be ignored.
	W981: ["../../../src/ModuleB/impl/module_b.c" 400/33] [INSP] detected potential occurrence of issue TCVX-45333. No change in assembly comparison detected. High confidence it is a false positive and therefore can be ignored.
2026-03-02 18:57:08 # insp_ctc --integer-enumeration --core=tc1.6.2 --iso=99 --fp-model=+float -DAPP_PLATFORM -DAPP_COMP_TASKING -I../../../src/ModuleA/include -I../../../src/ModuleB/include --insp-log=test.log --debug-info=default --align=4 --default-a0-size=0 --default-a1-size=0 --default-near-size=0 -O2 --tradeoff=2 --language=-gcc,+volatile,-strings,-comments -o obj\src\ModuleC\impl\module_c.src ../../../src/ModuleC/impl/module_c.c
	W981: ["../../../src/ModuleC/impl/module_c.c" 500/3] [INSP] detected potential occurrence of issue TCVX-45396 because of side effect at [520/10]. No change in assembly comparison detected. High confidence it is a false positive and therefore can be ignored.
2026-03-02 18:57:10 # insp_ctc --integer-enumeration --core=tc1.6.2 --iso=99 --fp-model=+float -DAPP_PLATFORM -DAPP_COMP_TASKING -I../../../src/ModuleA/include -I../../../src/ModuleB/include --insp-log=test.log --debug-info=default --align=4 --default-a0-size=0 --default-a1-size=0 --default-near-size=0 -O2 --tradeoff=2 --language=-gcc,+volatile,-strings,-comments -o obj\src\ModuleD\impl\module_d.src ../../../src/ModuleD/impl/module_d.c
	W983: ["../../../src/ModuleD/impl/module_d.c" 600/7] [INSP] detected potential occurrence of issue TCVX-45285. Detected difference in assembly comparison. Assembly files are stored in directory obj\src\ModuleD\impl\ as: module_d.src.affected; with fix: module_d_FIX_TCVX-45285.src.unaffected.
2026-03-02 18:57:12 # insp_ctc --integer-enumeration --core=tc1.6.2 --iso=99 --fp-model=+float -DAPP_PLATFORM -DAPP_COMP_TASKING -I../../../src/ModuleA/include -I../../../src/ModuleB/include --insp-log=test.log --debug-info=default --align=4 --default-a0-size=0 --default-a1-size=0 --default-near-size=0 -O2 --tradeoff=2 --language=-gcc,+volatile,-strings,-comments -o obj\src\ModuleE\impl\module_e.src ../../../src/ModuleE/impl/module_e.c
	W983: ["../../../src/ModuleE/impl/module_e.c" 700/45] [INSP] detected potential occurrence of issue TCVX-45406 because of side effect at [715/6]. Detected difference in assembly comparison. Assembly files are stored in directory obj\src\ModuleE\impl\ as: module_e.src.affected; with fix: module_e_FIX_TCVX-45406.src.unaffected.
2026-03-02 18:57:14 # insp_ctc --integer-enumeration --core=tc1.6.2 --iso=99 --fp-model=+float -DAPP_PLATFORM -DAPP_COMP_TASKING -I../../../src/ModuleA/include --insp-log=test.log --debug-info=default --align=4 --default-a0-size=0 --default-a1-size=0 --default-near-size=0 -O2 --tradeoff=2 --language=-gcc,+volatile,-strings,-comments -o obj\src\module_f.src ../src/module_f.c
	I991: [INSP] No definite or potential issues detected for the enabled list of detectors.
2026-03-02 18:57:16 # insp_ctc --integer-enumeration --core=tc1.6.2 --iso=99 --fp-model=+float -DAPP_PLATFORM -DAPP_COMP_TASKING -I../../../src/ModuleA/include --insp-log=test.log --debug-info=default --align=4 --default-a0-size=0 --default-a1-size=0 --default-near-size=0 -O2 --tradeoff=2 --language=-gcc,+volatile,-strings,-comments -o obj\src\ModuleG\impl\module_g.src ../../../src/ModuleG/impl/module_g.c
	W984: [INSP] Input MIL files (.mil, .ma, .ms) are identified. Inspector cannot verify absence of issues.
	I992: [INSP] asm cmp: comparison complete.
	E993: [INSP] detected change in assembly listing for command: /tmp/build/cmd.sh
	W994: [INSP] detected change in assembly listing for command: /tmp/build/cmd2.sh
2026-03-02 18:57:18 # insp_ctc --integer-enumeration --core=tc1.6.2 --iso=99 --fp-model=+float -DAPP_PLATFORM -DAPP_COMP_TASKING -I../../../src/a/b/c/d/include --insp-log=test.log --debug-info=default --align=4 --default-a0-size=0 --default-a1-size=0 --default-near-size=0 -O2 --tradeoff=2 --language=-gcc,+volatile,-strings,-comments -o obj\src\a\b\c\d\module_h.src ../../../src/a/b/c/d/module_h.c
	W998: ["../../../src/a/b/c/d/module_h.c" 50/3] [INSP] detected potential occurrence of issue TCVX-45285.
2026-03-02 18:57:20 # insp_ctc --integer-enumeration --core=tc1.6.2 --iso=99 --fp-model=+float -DAPP_PLATFORM -DAPP_COMP_TASKING -I../src/ModuleI/include --insp-log=test.log --debug-info=default --align=4 --default-a0-size=0 --default-a1-size=0 --default-near-size=0 -O2 --tradeoff=2 --language=-gcc,+volatile,-strings,-comments -o obj\src\ModuleI\module_i.src ../src/ModuleI/module_i.c
	W981: ["../src/ModuleI/module_i.c" 150/9] [INSP] detected potential occurrence of issue TCVX-45248. No change in assembly comparison detected. High confidence it is a false positive and therefore can be ignored.
2026-03-02 18:57:22 # insp_ctc --integer-enumeration --core=tc1.6.2 --iso=99 --fp-model=+float -DAPP_PLATFORM -DAPP_COMP_TASKING -I../../../src/ModuleJ/include --insp-log=test.log --debug-info=default --align=4 --default-a0-size=0 --default-a1-size=0 --default-near-size=0 -O2 --tradeoff=2 --language=-gcc,+volatile,-strings,-comments -o obj\src\ModuleJ\impl\module_j.src ../../../src/ModuleJ/impl/module_j.c
	W983: ["../../../src/ModuleJ/impl/module_j.c" 800/5] [INSP] detected potential occurrence of issue TCVX-45285. Detected difference in assembly comparison. Assembly comparison data not available.
